Infraction;Tickets
PHTO SCHOOL ZN SPEED VIOLATION;82
FAIL TO DSPLY MUNI METER RECPT;6
FAILURE TO STOP AT RED LIGHT;4
NO PARKING-STREET CLEANING;3
SAFETY ZONE;2
ANGLE PARKING;1
CROSSWALK;1
DOUBLE PARKING;1
