County;InfractionTop1;InfractionTop2;InfractionTop3
Bronx;PHTO SCHOOL ZN SPEED VIOLATION;FAILURE TO STOP AT RED LIGHT;DOUBLE PARKING
Kings;PHTO SCHOOL ZN SPEED VIOLATION;FAIL TO DSPLY MUNI METER RECPT;NO PARKING-STREET CLEANING
New York City;PHTO SCHOOL ZN SPEED VIOLATION;SAFETY ZONE;FAILURE TO STOP AT RED LIGHT
Queens;PHTO SCHOOL ZN SPEED VIOLATION;FAIL TO DSPLY MUNI METER RECPT;NO PARKING-STREET CLEANING
Richmond;PHTO SCHOOL ZN SPEED VIOLATION;-;-
