County;Plate;Tickets
Bronx;3EB0902;2
Kings;78378MK;2
New York City;4587238;2
Queens;13215MH;2
Richmond;EDA1152;2
