Issuing Agency;Percentage
DEPARTMENT OF TRANSPORTATION;81.90%
TRAFFIC;18.09%
