Group;Infraction A;Infraction B
300;ANGLE PARKING;SAFETY ZONE
200;CROSSWALK;DOUBLE PARKING
200;CROSSWALK;FAIL TO DSPLY MUNI METER RECPT
200;DOUBLE PARKING;FAIL TO DSPLY MUNI METER RECPT
100;NO PARKING-STREET CLEANING;PHTO SCHOOL ZN SPEED VIOLATION
